// Jest Snapshot v1, https://goo.gl/fbAQLP

exports[`profile actions: clearProfile 1`] = `
Object {
  "type": "CLEAR_PROFILE",
}
`;

exports[`profile actions: fillProfile 1`] = `
Object {
  "payload": Object {
    "avatar": "TEST_AVATAR",
    "firstName": "TEST_FIRST_NAME",
    "id": "TEST_ID",
    "lastName": "TEST_LAST_NAME",
  },
  "type": "FILL_PROFILE",
}
`;

exports[`profile actions: updateAvatar 1`] = `
Object {
  "payload": "https://www.url.com",
  "type": "UPDATE_AVATAR",
}
`;

exports[`profile actions: updateAvatarAsync 1`] = `
Object {
  "payload": Array [
    "avatar",
  ],
  "type": "UPDATE_AVATAR_ASYNC",
}
`;

exports[`profile actions: updateNameAsync 1`] = `
Object {
  "payload": Object {
    "firstName": "Walter",
    "lastName": "White",
  },
  "type": "UPDATE_NAME_ASYNC",
}
`;

exports[`profile actions: updatePasswordAsync 1`] = `
Object {
  "payload": Object {
    "newPassword": 123456,
    "oldPassword": 12345,
  },
  "type": "UPDATE_PASSWORD_ASYNC",
}
`;
